MO transcodor NULL afisaj_mux.v vlg77/transcodor.bin 1467366088
MO digit_multiplexer NULL afisaj_mux.v vlg4B/digit__multiplexer.bin 1467366088
MO counter NULL afisaj_mux.v vlg10/counter.bin 1467366088
MO mux NULL afisaj_mux.v vlg66/mux.bin 1467366088
MO afisaj7s NULL afisaj_mux.v vlg60/afisaj7s.bin 1467366088
MO decoder NULL afisaj_mux.v vlg02/decoder.bin 1467366088
